Lancement v_decomp (prompts à jour) sur 109 questions...

  [  1/109] Q  1  SKIP
  [  2/109] Q  2  SKIP
  [  3/109] Q  3  SKIP
  [  4/109] Q  4  SKIP
  [  5/109] Q  5  SKIP
  [  6/109] Q  6  SKIP
  [  7/109] Q  7  SKIP
  [  8/109] Q  8  SKIP
  [  9/109] Q  9  SKIP
  [ 10/109] Q 10  SKIP
  [ 11/109] Q 11  SKIP
  [ 12/109] Q 12  SKIP
  [ 13/109] Q 13  SKIP
  [ 14/109] Q 14  SKIP
  [ 15/109] Q 15  SKIP
  [ 16/109] Q 16  SKIP
  [ 17/109] Q 17  SKIP
  [ 18/109] Q 18  SKIP
  [ 19/109] Q 19  SKIP
  [ 20/109] Q 20  SKIP
  [ 21/109] Q 21  SKIP
  [ 22/109] Q 22  SKIP
  [ 23/109] Q 23  SKIP
  [ 24/109] Q 24  SKIP
  [ 25/109] Q 25  SKIP
  [ 26/109] Q 26  SKIP
  [ 27/109] Q 27  SKIP
  [ 28/109] Q 28  SKIP
  [ 29/109] Q 29  SKIP
  [ 30/109] Q 30  SKIP
  [ 31/109] Q 31  SKIP
  [ 32/109] Q 32  SKIP
  [ 33/109] Q 33  SKIP
  [ 34/109] Q 34  SKIP
  [ 35/109] Q 35  SKIP
  [ 36/109] Q 36  SKIP
  [ 37/109] Q 37  SKIP
  [ 38/109] Q 38  V4.3=4.50  5SQ  RAG=36.1s  25src
  [ 39/109] Q 39  V4.3=4.75  5SQ  RAG=50.3s  25src
  [ 40/109] Q 40  V4.3=3.25  5SQ  RAG=71.8s  25src
  [ 41/109] Q 41  V4.3=5.00  5SQ  RAG=66.8s  25src
  [ 42/109] Q 42  V4.3=4.75  5SQ  RAG=59.7s  25src
  [ 43/109] Q 43  SKIP
  [ 44/109] Q 44  SKIP
  [ 45/109] Q 45  SKIP
  [ 46/109] Q 46  SKIP
  [ 47/109] Q 47  SKIP
  [ 48/109] Q 48  SKIP
  [ 49/109] Q 49  SKIP
  [ 50/109] Q 50  SKIP
  [ 51/109] Q 51  V4.3=4.25 [MIS]  5SQ  RAG=64.0s  25src
  [ 52/109] Q 52  V4.3=4.50  5SQ  RAG=70.6s  24src
  [ 53/109] Q 53  SKIP
  [ 54/109] Q 54  V4.3=5.00  5SQ  RAG=43.8s  25src
  [ 55/109] Q 55  V4.3=4.75  5SQ  RAG=43.4s  16src
  [ 56/109] Q 56  V4.3=5.00  5SQ  RAG=80.0s  25src
  [ 57/109] Q 57  V4.3=4.75  5SQ  RAG=48.5s  25src
  [ 58/109] Q 58  V4.3=5.00  5SQ  RAG=67.8s  25src
  [ 59/109] Q 59  V4.3=5.00  5SQ  RAG=87.5s  25src
  [ 60/109] Q 60  V4.3=5.00  5SQ  RAG=60.2s  25src
  [ 61/109] Q 61  V4.3=5.00  5SQ  RAG=65.7s  25src
  [ 62/109] Q 62  V4.3=5.00  5SQ  RAG=39.4s  25src
  [ 63/109] Q 63  V4.3=5.00  5SQ  RAG=42.9s  25src
  [ 64/109] Q 64  V4.3=4.75  5SQ  RAG=38.6s  25src
  [ 65/109] Q 65  V4.3=5.00  5SQ  RAG=78.7s  24src
  [ 66/109] Q 66  V4.3=5.00  5SQ  RAG=66.3s  25src
  [ 67/109] Q 67  V4.3=5.00  5SQ  RAG=54.4s  25src
  [ 68/109] Q 68  V4.3=3.75 [MIS]  5SQ  RAG=51.9s  25src
  [ 69/109] Q 69  V4.3=4.50  5SQ  RAG=77.7s  25src
  [ 70/109] Q 70  V4.3=3.75 [MIS]  5SQ  RAG=48.4s  25src
  [ 71/109] Q 71  V4.3=3.50 [MIS]  5SQ  RAG=222.9s  25src
  [ 72/109] Q 72  V4.3=4.25  5SQ  RAG=270.1s  25src
  [ 73/109] Q 73  V4.3=4.25  5SQ  RAG=74.5s  25src
  [ 74/109] Q 74  V4.3=4.75  5SQ  RAG=97.5s  23src
  [ 75/109] Q 75  V4.3=3.00 [MIS]  5SQ  RAG=63.9s  25src
  [ 76/109] Q 76  V4.3=3.75 [MIS]  5SQ  RAG=69.0s  25src
  [ 77/109] Q 77  V4.3=4.00 [MIS]  5SQ  RAG=50.2s  25src
  [ 78/109] Q 78  V4.3=2.50 [MIS]  5SQ  RAG=54.0s  25src
  [ 79/109] Q 79  V4.3=3.75 [MIS]  5SQ  RAG=73.0s  25src
  [ 80/109] Q 80  V4.3=4.25  5SQ  RAG=66.1s  25src
  [ 81/109] Q 81  V4.3=4.25  5SQ  RAG=102.5s  25src
  [ 82/109] Q 82  SKIP
  [ 83/109] Q 83  V4.3=5.00  5SQ  RAG=63.0s  25src
  [ 84/109] Q 84  V4.3=5.00  5SQ  RAG=67.8s  25src
  [ 85/109] Q 85  V4.3=5.00  5SQ  RAG=73.0s  25src
  [ 86/109] Q 86  V4.3=5.00  5SQ  RAG=69.1s  25src
  [ 87/109] Q 87  V4.3=5.00  5SQ  RAG=55.9s  25src
  [ 88/109] Q 88  V4.3=5.00  5SQ  RAG=56.4s  25src
  [ 89/109] Q 89  V4.3=4.50  5SQ  RAG=46.9s  25src
  [ 90/109] Q 90  V4.3=5.00  5SQ  RAG=60.3s  25src
  [ 91/109] Q 91  V4.3=5.00  5SQ  RAG=61.8s  25src
  [ 92/109] Q 92  V4.3=5.00  5SQ  RAG=46.7s  25src
  [ 93/109] Q 93  V4.3=5.00  5SQ  RAG=56.7s  25src
  [ 94/109] Q 94  V4.3=5.00  5SQ  RAG=121.2s  25src
  [ 95/109] Q 95  SKIP
  [ 96/109] Q 96  V4.3=4.75  5SQ  RAG=64.2s  25src
  [ 97/109] Q 97  V4.3=5.00  5SQ  RAG=61.4s  25src
  [ 98/109] Q 98  V4.3=5.00  5SQ  RAG=86.7s  25src
  [ 99/109] Q 99  V4.3=5.00  5SQ  RAG=55.2s  25src
  [100/109] Q100  V4.3=4.75  5SQ  RAG=43.0s  20src
  [101/109] Q101  V4.3=3.25 [MIS]  5SQ  RAG=48.9s  25src
  [102/109] Q102  V4.3=4.50  5SQ  RAG=41.3s  25src
  [103/109] Q103  V4.3=4.75  5SQ  RAG=51.1s  25src
  [104/109] Q104  V4.3=5.00  5SQ  RAG=47.8s  25src
  [105/109] Q105  V4.3=5.00  5SQ  RAG=107.7s  25src
  [106/109] Q106  V4.3=5.00  5SQ  RAG=74.2s  25src
  [107/109] Q107  V4.3=5.00  5SQ  RAG=54.0s  25src
  [108/109] Q108  V4.3=3.50 [MIS]  5SQ  RAG=53.1s  25src
  [109/109] Q109  V4.3=5.00  5SQ  RAG=82.7s  25src

COMPLET.json mis à jour : v_decomp remplacé (109 entrées).

============================================================
  v_decomp (new)               global=4.54  Q/Q=4.45  Nuance=4.44
  no_typing v1                 global=4.48  Q/Q=4.40  Nuance=4.36
  no_typing v2                 global=4.49  Q/Q=4.39  Nuance=4.37

HTML → comparaisons_rag\decomp_rerun\decomp_rerun_rapport_20260721_141130.html
