[init] Anciens prompts extraits — décomp_NT len=1396, answerer_NT len=4199, synth len=3350
Serveur API OK (http://localhost:8000)

Lancement nt_v2_legacy (anciens prompts dé-typés) sur 109 questions...

  [  1/109] Q  1  SKIP
  [  2/109] Q  2  SKIP
  [  3/109] Q  3  SKIP
  [  4/109] Q  4  SKIP
  [  5/109] Q  5  SKIP
  [  6/109] Q  6  SKIP
  [  7/109] Q  7  SKIP
  [  8/109] Q  8  SKIP
  [  9/109] Q  9  SKIP
  [ 10/109] Q 10  SKIP
  [ 11/109] Q 11  SKIP
  [ 12/109] Q 12  SKIP
  [ 13/109] Q 13  SKIP
  [ 14/109] Q 14  SKIP
  [ 15/109] Q 15  SKIP
  [ 16/109] Q 16  SKIP
  [ 17/109] Q 17  SKIP
  [ 18/109] Q 18  SKIP
  [ 19/109] Q 19  SKIP
  [ 20/109] Q 20  SKIP
  [ 21/109] Q 21  SKIP
  [ 22/109] Q 22  SKIP
  [ 23/109] Q 23  SKIP
  [ 24/109] Q 24  SKIP
  [ 25/109] Q 25  SKIP
  [ 26/109] Q 26  SKIP
  [ 27/109] Q 27  SKIP
  [ 28/109] Q 28  SKIP
  [ 29/109] Q 29  SKIP
  [ 30/109] Q 30  SKIP
  [ 31/109] Q 31  SKIP
  [ 32/109] Q 32  SKIP
  [ 33/109] Q 33  SKIP
  [ 34/109] Q 34  SKIP
  [ 35/109] Q 35  SKIP
  [ 36/109] Q 36  SKIP
  [ 37/109] Q 37  SKIP
  [ 38/109] Q 38  SKIP
  [ 39/109] Q 39  SKIP
  [ 40/109] Q 40  SKIP
  [ 41/109] Q 41  SKIP
  [ 42/109] Q 42  SKIP
  [ 43/109] Q 43  SKIP
  [ 44/109] Q 44  FALLBACK hors-Corse
  [ 44/109] Q 44  V4.3=5.00  1SQ  RAG=3.8s  0src
  [ 45/109] Q 45  SKIP
  [ 46/109] Q 46  SKIP
  [ 47/109] Q 47  SKIP
  [ 48/109] Q 48  SKIP
  [ 49/109] Q 49  SKIP
  [ 50/109] Q 50  SKIP
  [ 51/109] Q 51  SKIP
  [ 52/109] Q 52  SKIP
  [ 53/109] Q 53  SKIP
  [ 54/109] Q 54  SKIP
  [ 55/109] Q 55  SKIP
  [ 56/109] Q 56  SKIP
  [ 57/109] Q 57  SKIP
  [ 58/109] Q 58  SKIP
  [ 59/109] Q 59  SKIP
  [ 60/109] Q 60  SKIP
  [ 61/109] Q 61  SKIP
  [ 62/109] Q 62  SKIP
  [ 63/109] Q 63  SKIP
  [ 64/109] Q 64  SKIP
  [ 65/109] Q 65  SKIP
  [ 66/109] Q 66  SKIP
  [ 67/109] Q 67  SKIP
  [ 68/109] Q 68  SKIP
  [ 69/109] Q 69  SKIP
  [ 70/109] Q 70  SKIP
  [ 71/109] Q 71  SKIP
  [ 72/109] Q 72  SKIP
  [ 73/109] Q 73  SKIP
  [ 74/109] Q 74  SKIP
  [ 75/109] Q 75  SKIP
  [ 76/109] Q 76  SKIP
  [ 77/109] Q 77  SKIP
  [ 78/109] Q 78  SKIP
  [ 79/109] Q 79  SKIP
  [ 80/109] Q 80  SKIP
  [ 81/109] Q 81  SKIP
  [ 82/109] Q 82  SKIP
  [ 83/109] Q 83  SKIP
  [ 84/109] Q 84  SKIP
  [ 85/109] Q 85  SKIP
  [ 86/109] Q 86  SKIP
  [ 87/109] Q 87  SKIP
  [ 88/109] Q 88  SKIP
  [ 89/109] Q 89  SKIP
  [ 90/109] Q 90  SKIP
  [ 91/109] Q 91  SKIP
  [ 92/109] Q 92  SKIP
  [ 93/109] Q 93  SKIP
  [ 94/109] Q 94  SKIP
  [ 95/109] Q 95  SKIP
  [ 96/109] Q 96  SKIP
  [ 97/109] Q 97  SKIP
  [ 98/109] Q 98  SKIP
  [ 99/109] Q 99  SKIP
  [100/109] Q100  SKIP
  [101/109] Q101  SKIP
  [102/109] Q102  SKIP
  [103/109] Q103  SKIP
  [104/109] Q104  SKIP
  [105/109] Q105  SKIP
  [106/109] Q106  SKIP
  [107/109] Q107  SKIP
  [108/109] Q108  SKIP
  [109/109] Q109  SKIP

COMPLET.json mis à jour : v_decomp_no_typing_v2_legacy (109 entrées).

=================================================================
  v_vanilla_k10 (old)          global=4.63  Q/Q=4.60  Nuance=4.55
  v_decomp (old)               global=4.54  Q/Q=4.45  Nuance=4.44
  v_decomp_raptor (old)        global=4.62  Q/Q=4.66  Nuance=4.50
  v_decomp_nt v1 (new)         global=4.48  Q/Q=4.40  Nuance=4.36
  nt_v2_legacy (old)           global=3.72  Q/Q=3.68  Nuance=3.72
